
     Program PWSCF v.7.4 starts on 11Jan2025 at 23:42:24 

     This program is part of the open-source Quantum ESPRESSO suite
     for quantum simulation of materials; please cite
         "P. Giannozzi et al., J. Phys.:Condens. Matter 21 395502 (2009);
         "P. Giannozzi et al., J. Phys.:Condens. Matter 29 465901 (2017);
         "P. Giannozzi et al., J. Chem. Phys. 152 154105 (2020);
          URL http://www.quantum-espresso.org", 
     in publications or presentations arising from this work. More details at
     http://www.quantum-espresso.org/quote

     Parallel version (MPI & OpenMP), running on       1 processor cores
     Number of MPI processes:                 1
     Threads/MPI process:                     1

     MPI processes distributed on     1 nodes
     230469 MiB available memory on the printing compute node when the environment starts
 
     Waiting for input...
     Reading input from standard input

     Current dimensions of program PWSCF are:
     Max number of different atomic species (ntypx) = 10
     Max number of k-points (npk) =  40000
     Max angular momentum in pseudopotentials (lmaxx) =  4
     rvv10 b value from libxc   6.2000000
     rvv10_c value from libxc   0.0093000
     screening_parameter from libxc    0.3000000
     exx_fraction from libxc   0.1670000
     exx_fraction_lr from libxc   0.8330000

     IMPORTANT: XC functional enforced from input :
     Exchange-correlation= XC-000I-000I-767L-000I-000I-000I-VV10
                           (   0   0   0 767  26   0   0)
     EXX-fraction              =        0.17
     Any further DFT definition will be discarded
     Please, verify this is what you really want


     gamma-point specific algorithms are used
 
     Subspace diagonalization in iterative solution of the eigenvalue problem:
     a serial algorithm will be used

     EXX: q-point mesh:     1    1    1
     EXX: grid of k+q points same as grid of k-points
 
     G-vector sticks info
     --------------------
     sticks:   dense  smooth     PW     G-vecs:    dense   smooth      PW
     Sum        2449    2449    609                91047    91047   11363
 
     Using Slab Decomposition
 


     bravais-lattice index     =            1
     lattice parameter (alat)  =      16.0000  a.u.
     unit-cell volume          =    4096.0000 (a.u.)^3
     number of atoms/cell      =            2
     number of atomic types    =            1
     number of electrons       =        10.00
     number of Kohn-Sham states=            5
     kinetic-energy cutoff     =      30.0000  Ry
     charge density cutoff     =     120.0000  Ry
     cutoff for Fock operator  =     120.0000  Ry
     scf convergence threshold =      1.0E-06
     mixing beta               =       0.7000
     number of iterations used =            8  plain     mixing
     Exchange-correlation= XC-000I-000I-767L-000I-000I-000I-VV10
                           (   0   0   0 767  26   0   0)
     EXX-fraction              =        0.17

     celldm(1)=  16.000000  celldm(2)=   0.000000  celldm(3)=   0.000000
     celldm(4)=   0.000000  celldm(5)=   0.000000  celldm(6)=   0.000000

     crystal axes: (cart. coord. in units of alat)
               a(1) = (   1.000000   0.000000   0.000000 )  
               a(2) = (   0.000000   1.000000   0.000000 )  
               a(3) = (   0.000000   0.000000   1.000000 )  

     reciprocal axes: (cart. coord. in units 2 pi/alat)
               b(1) = (  1.000000  0.000000  0.000000 )  
               b(2) = (  0.000000  1.000000  0.000000 )  
               b(3) = (  0.000000  0.000000  1.000000 )  


     PseudoPot. # 1 for N  read from file:
     ./N.pbe-hgh.UPF
     MD5 check sum: 1504e9c56d21d37eacabc67df972de26
     Pseudo is Norm-conserving, Zval =  5.0
     Generated in analytical, separable form
     Using radial grid of 1085 points,  1 beta functions with: 
                l(1) =   0

     atomic species   valence    mass     pseudopotential
     N                 5.00    14.00000     N ( 1.00)

      8 Sym. Ops. (no inversion) found



   Cartesian axes

     site n.     atom                  positions (alat units)
         1        N      tau(   1) = (   0.0000000   0.0000000   0.0000000  )
         2        N      tau(   2) = (   0.1476349   0.0000000   0.0000000  )

     number of k points=     1
                       cart. coord. in units 2pi/alat
        k(    1) = (   0.0000000   0.0000000   0.0000000), wk =   2.0000000

     Dense  grid:    45524 G-vectors     FFT dimensions: (  60,  60,  60)

     Estimated max dynamical RAM per process >      54.15 MB
     exx_fraction to libxc    1.0000000
     exx_fraction_sr to libxc   -0.8330000
     screening_parameter to libxc    0.3000000

     WARNING: libxc functional with ID  767 depends
      on external parameters: check the user_guide of
      QE if you need to modify them or to check their
      default values.

     WARNING: libxc functional with ID  767 is CAM, 
     long range exx is not available yet (if needed).
    WARNING: libxc functional with ID  767 is still 
    in development.

     WARNING: libxc functional with ID  767 depends on
      the laplacian of the density, which is currently set
      to zero.
     EXX: ACE will be initialized later

     Initial potential from superposition of free atoms

     starting charge      10.0000, renormalised to      10.0000

     negative rho (up, down):  1.043E-01 0.000E+00


---------------------------------------------------------------------------------
Carrying out rVV10 run using the following parameters:
Nqs =      20    Nr_points =    1024   r_max =   100.000
b_value =  6.20000    beta =  0.00923
     q_mesh =  0.00010000  0.00030000  0.00058939  0.00100810
               0.00161396  0.00249058  0.00375900  0.00559430
               0.00824984  0.01209221  0.01765183  0.02569619
               0.03733578  0.05417739  0.07854596  0.11380545
               0.16482331  0.23864234  0.34545298  0.50000000

Gradients computed in Reciprocal space

---------------------------------------------------------------------------------


     Starting wfcs are    8 randomized atomic wfcs

     total cpu time spent up to now is        1.6 secs

     per-process dynamical memory:    15.6 Mb

     Self-consistent Calculation

     iteration #  1     ecut=    30.00 Ry     beta= 0.70
     Davidson diagonalization with overlap
     ethr =  1.00E-02,  avg # of iterations =  2.0

     negative rho (up, down):  2.309E-02 0.000E+00

     total cpu time spent up to now is        2.2 secs

     total energy              =     -34.22583030 Ry
     estimated scf accuracy    <       0.29782750 Ry

     iteration #  2     ecut=    30.00 Ry     beta= 0.70
     Davidson diagonalization with overlap
     ethr =  2.98E-03,  avg # of iterations =  2.0

     negative rho (up, down):  9.251E-03 0.000E+00

     total cpu time spent up to now is        2.8 secs

     total energy              =     -34.29635771 Ry
     estimated scf accuracy    <       0.04193467 Ry

     iteration #  3     ecut=    30.00 Ry     beta= 0.70
     Davidson diagonalization with overlap
     ethr =  4.19E-04,  avg # of iterations =  2.0

     negative rho (up, down):  3.196E-04 0.000E+00

     total cpu time spent up to now is        3.5 secs

     total energy              =     -34.30333069 Ry
     estimated scf accuracy    <       0.00095642 Ry

     iteration #  4     ecut=    30.00 Ry     beta= 0.70
     Davidson diagonalization with overlap
     ethr =  9.56E-06,  avg # of iterations =  2.0

     negative rho (up, down):  1.547E-05 0.000E+00

     total cpu time spent up to now is        4.1 secs

     total energy              =     -34.30342024 Ry
     estimated scf accuracy    <       0.00007966 Ry

     iteration #  5     ecut=    30.00 Ry     beta= 0.70
     Davidson diagonalization with overlap
     ethr =  7.97E-07,  avg # of iterations =  2.0

     total cpu time spent up to now is        4.8 secs

     total energy              =     -34.30344124 Ry
     estimated scf accuracy    <       0.00000160 Ry

     iteration #  6     ecut=    30.00 Ry     beta= 0.70
     Davidson diagonalization with overlap
     ethr =  1.60E-08,  avg # of iterations =  2.0

     total cpu time spent up to now is        5.4 secs

     End of self-consistent calculation

          k = 0.0000 0.0000 0.0000 (  5682 PWs)   bands (ev):

   -21.2692  -9.6056  -5.5077  -5.5077  -4.9242

     highest occupied level (ev):    -4.9242

!    total energy              =     -34.30344171 Ry
     estimated scf accuracy    <       0.00000002 Ry

     convergence has been achieved in   6 iterations

     EXX grid:    45524 G-vectors     FFT dimensions: (  60,  60,  60)

     EXX: now go back to refine exchange calculation

     total cpu time spent up to now is        6.2 secs

     per-process dynamical memory:    15.6 Mb

     Self-consistent Calculation

     iteration #  1     ecut=    30.00 Ry     beta= 0.70
     Davidson diagonalization with overlap
     ethr =  1.60E-08,  avg # of iterations =  8.0

     total cpu time spent up to now is        7.4 secs

     total energy              =     -36.53209443 Ry
     estimated scf accuracy    <       0.03072194 Ry

     iteration #  2     ecut=    30.00 Ry     beta= 0.70
     Davidson diagonalization with overlap
     ethr =  3.07E-04,  avg # of iterations =  2.0

     total cpu time spent up to now is        8.3 secs

     total energy              =     -36.54022064 Ry
     estimated scf accuracy    <       0.00147550 Ry

     iteration #  3     ecut=    30.00 Ry     beta= 0.70
     Davidson diagonalization with overlap
     ethr =  1.48E-05,  avg # of iterations =  2.0

     total cpu time spent up to now is        9.2 secs

     total energy              =     -36.54044621 Ry
     estimated scf accuracy    <       0.00001298 Ry

     iteration #  4     ecut=    30.00 Ry     beta= 0.70
     Davidson diagonalization with overlap
     ethr =  1.30E-07,  avg # of iterations =  2.0

     total cpu time spent up to now is       10.1 secs

     End of self-consistent calculation

          k = 0.0000 0.0000 0.0000 (  5682 PWs)   bands (ev):

   -27.4094 -14.6599  -9.5292  -9.5292  -9.4902

     highest occupied level (ev):    -9.4902

!    total energy              =     -36.54044756 Ry
     estimated scf accuracy    <       0.00000039 Ry

     convergence has been achieved in   4 iterations

     total energy              =     -36.54316053 Ry
     Harris-Foulkes estimate   =     -36.54316083 Ry
     est. exchange err (dexx)  =       0.00271297 Ry
     - averaged Fock potential =       4.46964891 Ry
     + Fock energy (full)      =      -2.26024792 Ry

     EXX: now go back to refine exchange calculation

     total cpu time spent up to now is       10.2 secs

     per-process dynamical memory:    15.6 Mb

     Self-consistent Calculation

     iteration #  1     ecut=    30.00 Ry     beta= 0.70
     Davidson diagonalization with overlap
     ethr =  1.30E-07,  avg # of iterations =  4.0

     total cpu time spent up to now is       11.2 secs

     total energy              =     -36.54339826 Ry
     estimated scf accuracy    <       0.00033099 Ry

     iteration #  2     ecut=    30.00 Ry     beta= 0.70
     Davidson diagonalization with overlap
     ethr =  3.31E-06,  avg # of iterations =  2.0

     total cpu time spent up to now is       12.1 secs

     total energy              =     -36.54348065 Ry
     estimated scf accuracy    <       0.00001437 Ry

     iteration #  3     ecut=    30.00 Ry     beta= 0.70
     Davidson diagonalization with overlap
     ethr =  1.44E-07,  avg # of iterations =  2.0

     total cpu time spent up to now is       13.0 secs

     End of self-consistent calculation

          k = 0.0000 0.0000 0.0000 (  5682 PWs)   bands (ev):

   -27.2930 -14.5933  -9.4622  -9.4622  -9.4599

     highest occupied level (ev):    -9.4599

!    total energy              =     -36.54348296 Ry
     estimated scf accuracy    <       0.00000014 Ry

     convergence has been achieved in   3 iterations

     total energy              =     -36.54352485 Ry
     Harris-Foulkes estimate   =     -36.54352491 Ry
     est. exchange err (dexx)  =       0.00004189 Ry
     - averaged Fock potential =       4.52548756 Ry
     + Fock energy (full)      =      -2.26528153 Ry

     EXX: now go back to refine exchange calculation

     total cpu time spent up to now is       13.1 secs

     per-process dynamical memory:    15.6 Mb

     Self-consistent Calculation

     iteration #  1     ecut=    30.00 Ry     beta= 0.70
     Davidson diagonalization with overlap
     ethr =  1.44E-07,  avg # of iterations =  2.0

     total cpu time spent up to now is       13.9 secs

     total energy              =     -36.54352956 Ry
     estimated scf accuracy    <       0.00000491 Ry

     iteration #  2     ecut=    30.00 Ry     beta= 0.70
     Davidson diagonalization with overlap
     ethr =  4.91E-08,  avg # of iterations =  2.0

     total cpu time spent up to now is       14.8 secs

     End of self-consistent calculation

          k = 0.0000 0.0000 0.0000 (  5682 PWs)   bands (ev):

   -27.2750 -14.5838  -9.4535  -9.4503  -9.4503

     highest occupied level (ev):    -9.4503

!    total energy              =     -36.54353060 Ry
     estimated scf accuracy    <       0.00000017 Ry

     convergence has been achieved in   2 iterations

!!   total energy              =     -36.54353135 Ry
     Harris-Foulkes estimate   =     -36.54353148 Ry
     est. exchange err (dexx)  =       0.00000075 Ry
     - averaged Fock potential =       4.53114576 Ry
     + Fock energy (full)      =      -2.26586499 Ry

     EXX self-consistency reached
     Message from routine punch:
     Nothing written, as per user request (disk_io='none')
 
     init_run     :      1.46s CPU      1.58s WALL (       1 calls)
     electrons    :     11.17s CPU     12.27s WALL (       4 calls)

     Called by init_run:
     aceinit0     :      0.00s CPU      0.00s WALL (       1 calls)
     wfcinit      :      0.01s CPU      0.02s WALL (       1 calls)
     potinit      :      1.39s CPU      1.49s WALL (       1 calls)
     hinit0       :      0.04s CPU      0.06s WALL (       1 calls)

     Called by electrons:
     c_bands      :      2.81s CPU      2.98s WALL (      15 calls)
     sum_band     :      0.15s CPU      0.15s WALL (      15 calls)
     v_of_rho     :     10.08s CPU     11.14s WALL (      17 calls)
     mix_rho      :      0.07s CPU      0.07s WALL (      15 calls)

     Called by c_bands:
     init_us_2    :      0.01s CPU      0.01s WALL (      38 calls)
     regterg      :      2.81s CPU      2.97s WALL (      15 calls)

     Called by *egterg:
     rdiaghg      :      0.00s CPU      0.00s WALL (      50 calls)
     h_psi        :      2.76s CPU      2.93s WALL (      54 calls)
     g_psi        :      0.00s CPU      0.00s WALL (      38 calls)

     Called by h_psi:
     h_psi:calbec :      0.01s CPU      0.01s WALL (      54 calls)
     vloc_psi     :      0.51s CPU      0.54s WALL (      54 calls)
                                        0.00s GPU  (      54 calls)
     add_vuspsi   :      0.00s CPU      0.00s WALL (      54 calls)

     General routines
     calbec       :      0.01s CPU      0.01s WALL (      61 calls)
     fft          :      1.33s CPU      1.37s WALL (     980 calls)
     ffts         :      0.02s CPU      0.02s WALL (      15 calls)
     fftw         :      0.44s CPU      0.45s WALL (     339 calls)
     fftc         :      1.14s CPU      1.14s WALL (    1041 calls)
     fftcw        :      0.40s CPU      0.41s WALL (     281 calls)
 
     Parallel routines

     EXX routines
     exx_grid     :      0.00s CPU      0.00s WALL (       1 calls)
     exxinit      :      0.14s CPU      0.14s WALL (       4 calls)
     vexx         :      2.23s CPU      2.38s WALL (      35 calls)
     exxenergy    :      0.27s CPU      0.27s WALL (       7 calls)
 
     PWSCF        :     13.64s CPU     14.92s WALL

 
   This run was terminated on:  23:42:39  11Jan2025            

=------------------------------------------------------------------------------=
   JOB DONE.
=------------------------------------------------------------------------------=
