
     Program PWSCF v.7.4 starts on 11Jan2025 at 23:34: 8 

     This program is part of the open-source Quantum ESPRESSO suite
     for quantum simulation of materials; please cite
         "P. Giannozzi et al., J. Phys.:Condens. Matter 21 395502 (2009);
         "P. Giannozzi et al., J. Phys.:Condens. Matter 29 465901 (2017);
         "P. Giannozzi et al., J. Chem. Phys. 152 154105 (2020);
          URL http://www.quantum-espresso.org", 
     in publications or presentations arising from this work. More details at
     http://www.quantum-espresso.org/quote

     Parallel version (MPI & OpenMP), running on       1 processor cores
     Number of MPI processes:                 1
     Threads/MPI process:                     1

     MPI processes distributed on     1 nodes
     230387 MiB available memory on the printing compute node when the environment starts
 
     Waiting for input...
     Reading input from standard input

     Current dimensions of program PWSCF are:
     Max number of different atomic species (ntypx) = 10
     Max number of k-points (npk) =  40000
     Max angular momentum in pseudopotentials (lmaxx) =  4
     rvv10 b value from libxc   6.2000000
     rvv10_c value from libxc   0.0093000
     screening_parameter from libxc    0.3000000
     exx_fraction from libxc   0.1500000
     exx_fraction_lr from libxc   0.8500000

     IMPORTANT: XC functional enforced from input :
     Exchange-correlation= XC-000I-000I-000I-000I-768L-000I-VV10
                           (   0   0   0   0  26   0 768)
     EXX-fraction              =        0.15
     Any further DFT definition will be discarded
     Please, verify this is what you really want


     gamma-point specific algorithms are used
 
     Subspace diagonalization in iterative solution of the eigenvalue problem:
     a serial algorithm will be used

     EXX: q-point mesh:     1    1    1
     EXX: grid of k+q points same as grid of k-points
 
     G-vector sticks info
     --------------------
     sticks:   dense  smooth     PW     G-vecs:    dense   smooth      PW
     Sum        2449    2449    609                91047    91047   11363
 
     Using Slab Decomposition
 


     bravais-lattice index     =            1
     lattice parameter (alat)  =      16.0000  a.u.
     unit-cell volume          =    4096.0000 (a.u.)^3
     number of atoms/cell      =            2
     number of atomic types    =            1
     number of electrons       =        10.00
     number of Kohn-Sham states=            5
     kinetic-energy cutoff     =      30.0000  Ry
     charge density cutoff     =     120.0000  Ry
     cutoff for Fock operator  =     120.0000  Ry
     scf convergence threshold =      1.0E-06
     mixing beta               =       0.7000
     number of iterations used =            8  plain     mixing
     Exchange-correlation= XC-000I-000I-000I-000I-768L-000I-VV10
                           (   0   0   0   0  26   0 768)
     EXX-fraction              =        0.15

     celldm(1)=  16.000000  celldm(2)=   0.000000  celldm(3)=   0.000000
     celldm(4)=   0.000000  celldm(5)=   0.000000  celldm(6)=   0.000000

     crystal axes: (cart. coord. in units of alat)
               a(1) = (   1.000000   0.000000   0.000000 )  
               a(2) = (   0.000000   1.000000   0.000000 )  
               a(3) = (   0.000000   0.000000   1.000000 )  

     reciprocal axes: (cart. coord. in units 2 pi/alat)
               b(1) = (  1.000000  0.000000  0.000000 )  
               b(2) = (  0.000000  1.000000  0.000000 )  
               b(3) = (  0.000000  0.000000  1.000000 )  


     PseudoPot. # 1 for N  read from file:
     ./N.pbe-hgh.UPF
     MD5 check sum: 1504e9c56d21d37eacabc67df972de26
     Pseudo is Norm-conserving, Zval =  5.0
     Generated in analytical, separable form
     Using radial grid of 1085 points,  1 beta functions with: 
                l(1) =   0

     atomic species   valence    mass     pseudopotential
     N                 5.00    14.00000     N ( 1.00)

      8 Sym. Ops. (no inversion) found



   Cartesian axes

     site n.     atom                  positions (alat units)
         1        N      tau(   1) = (   0.0000000   0.0000000   0.0000000  )
         2        N      tau(   2) = (   0.1476349   0.0000000   0.0000000  )

     number of k points=     1
                       cart. coord. in units 2pi/alat
        k(    1) = (   0.0000000   0.0000000   0.0000000), wk =   2.0000000

     Dense  grid:    45524 G-vectors     FFT dimensions: (  60,  60,  60)

     Estimated max dynamical RAM per process >      76.28 MB
     exx_fraction to libxc    1.0000000
     exx_fraction_sr to libxc   -0.8500000
     screening_parameter to libxc    0.3000000

     WARNING: libxc functional with ID  768 depends
      on external parameters: check the user_guide of
      QE if you need to modify them or to check their
      default values.

     WARNING: libxc functional with ID  768 is CAM, 
     long range exx is not available yet (if needed).
    WARNING: libxc functional with ID  768 is still 
    in development.

     WARNING: libxc functional with ID  768 depends on
      the laplacian of the density, which is currently set
      to zero.
     EXX: ACE will be initialized later

     Initial potential from superposition of free atoms

     starting charge      10.0000, renormalised to      10.0000

     negative rho (up,down):  1.043E-01 0.000E+00


---------------------------------------------------------------------------------
Carrying out rVV10 run using the following parameters:
Nqs =      20    Nr_points =    1024   r_max =   100.000
b_value =  6.20000    beta =  0.00923
     q_mesh =  0.00010000  0.00030000  0.00058939  0.00100810
               0.00161396  0.00249058  0.00375900  0.00559430
               0.00824984  0.01209221  0.01765183  0.02569619
               0.03733578  0.05417739  0.07854596  0.11380545
               0.16482331  0.23864234  0.34545298  0.50000000

Gradients computed in Reciprocal space

---------------------------------------------------------------------------------


     Starting wfcs are    8 randomized atomic wfcs

     total cpu time spent up to now is        1.7 secs

     per-process dynamical memory:    15.6 Mb

     Self-consistent Calculation

     iteration #  1     ecut=    30.00 Ry     beta= 0.70
     Davidson diagonalization with overlap
     c_bands:  5 eigenvalues not converged
     ethr =  1.00E-02,  avg # of iterations = 20.0

     negative rho (up,down):  1.258E-03 0.000E+00

     total cpu time spent up to now is        3.2 secs

     total energy              =     208.04779638 Ry
     estimated scf accuracy    <     384.79061120 Ry

     iteration #  2     ecut=    30.00 Ry     beta= 0.70
     Davidson diagonalization with overlap
     ethr =  1.00E-02,  avg # of iterations = 13.0

     negative rho (up,down):  7.154E-04 0.000E+00

     total cpu time spent up to now is        4.3 secs

     total energy              =     -39.66206300 Ry
     estimated scf accuracy    <     215.23468619 Ry

     iteration #  3     ecut=    30.00 Ry     beta= 0.70
     Davidson diagonalization with overlap
     ethr =  1.00E-02,  avg # of iterations =  9.0

     negative rho (up,down):  5.212E-04 0.000E+00

     total cpu time spent up to now is        5.1 secs

     total energy              =     -38.04892661 Ry
     estimated scf accuracy    <      69.31648162 Ry

     iteration #  4     ecut=    30.00 Ry     beta= 0.70
     Davidson diagonalization with overlap
     ethr =  1.00E-02,  avg # of iterations =  3.0

     negative rho (up,down):  3.936E-04 0.000E+00

     total cpu time spent up to now is        5.9 secs

     total energy              =     -36.42332603 Ry
     estimated scf accuracy    <      38.05193981 Ry

     iteration #  5     ecut=    30.00 Ry     beta= 0.70
     Davidson diagonalization with overlap
     ethr =  1.00E-02,  avg # of iterations =  2.0

     negative rho (up,down):  1.987E-04 0.000E+00

     total cpu time spent up to now is        6.7 secs

     total energy              =     -34.80931713 Ry
     estimated scf accuracy    <      22.86473197 Ry

     iteration #  6     ecut=    30.00 Ry     beta= 0.70
     Davidson diagonalization with overlap
     ethr =  1.00E-02,  avg # of iterations =  2.0

     negative rho (up,down):  5.713E-05 0.000E+00

     total cpu time spent up to now is        7.4 secs

     total energy              =     -34.29894945 Ry
     estimated scf accuracy    <       7.51008500 Ry

     iteration #  7     ecut=    30.00 Ry     beta= 0.70
     Davidson diagonalization with overlap
     ethr =  1.00E-02,  avg # of iterations =  1.0

     negative rho (up,down):  2.068E-05 0.000E+00

     total cpu time spent up to now is        8.1 secs

     total energy              =     -34.31189344 Ry
     estimated scf accuracy    <       1.28856259 Ry

     iteration #  8     ecut=    30.00 Ry     beta= 0.70
     Davidson diagonalization with overlap
     ethr =  1.00E-02,  avg # of iterations =  1.0

     negative rho (up,down):  1.837E-06 0.000E+00

     total cpu time spent up to now is        8.9 secs

     total energy              =     -34.28886202 Ry
     estimated scf accuracy    <       0.41669269 Ry

     iteration #  9     ecut=    30.00 Ry     beta= 0.70
     Davidson diagonalization with overlap
     ethr =  4.17E-03,  avg # of iterations =  1.0

     negative rho (up,down):  4.682E-07 0.000E+00

     total cpu time spent up to now is        9.6 secs

     total energy              =     -34.30047063 Ry
     estimated scf accuracy    <       0.03126487 Ry

     iteration # 10     ecut=    30.00 Ry     beta= 0.70
     Davidson diagonalization with overlap
     ethr =  3.13E-04,  avg # of iterations =  4.0

     total cpu time spent up to now is       10.4 secs

     total energy              =     -34.29948821 Ry
     estimated scf accuracy    <       0.05314673 Ry

     iteration # 11     ecut=    30.00 Ry     beta= 0.70
     Davidson diagonalization with overlap
     ethr =  3.13E-04,  avg # of iterations =  3.0

     total cpu time spent up to now is       11.2 secs

     total energy              =     -34.30569024 Ry
     estimated scf accuracy    <       0.01091016 Ry

     iteration # 12     ecut=    30.00 Ry     beta= 0.70
     Davidson diagonalization with overlap
     ethr =  1.09E-04,  avg # of iterations =  1.0

     negative rho (up,down):  4.298E-05 0.000E+00

     total cpu time spent up to now is       12.0 secs

     total energy              =     -34.30434955 Ry
     estimated scf accuracy    <       0.01187060 Ry

     iteration # 13     ecut=    30.00 Ry     beta= 0.70
     Davidson diagonalization with overlap
     ethr =  1.09E-04,  avg # of iterations =  1.0

     negative rho (up,down):  4.401E-05 0.000E+00

     total cpu time spent up to now is       12.7 secs

     total energy              =     -34.30469659 Ry
     estimated scf accuracy    <       0.00262091 Ry

     iteration # 14     ecut=    30.00 Ry     beta= 0.70
     Davidson diagonalization with overlap
     ethr =  2.62E-05,  avg # of iterations =  9.0

     negative rho (up,down):  4.200E-05 0.000E+00

     total cpu time spent up to now is       13.6 secs

     total energy              =      -4.25215326 Ry
     estimated scf accuracy    <      61.92505910 Ry

     iteration # 15     ecut=    30.00 Ry     beta= 0.70
     Davidson diagonalization with overlap
     c_bands:  3 eigenvalues not converged
     ethr =  2.62E-05,  avg # of iterations = 20.0

     negative rho (up,down):  3.749E-05 0.000E+00

     total cpu time spent up to now is       14.6 secs

     total energy              =      14.15372906 Ry
     estimated scf accuracy    <     149.33714281 Ry

     iteration # 16     ecut=    30.00 Ry     beta= 0.70
     Davidson diagonalization with overlap
     ethr =  2.62E-05,  avg # of iterations = 19.0

     negative rho (up,down):  7.667E-06 0.000E+00

     total cpu time spent up to now is       15.6 secs

     total energy              =     -34.30492288 Ry
     estimated scf accuracy    <       0.00003182 Ry

     iteration # 17     ecut=    30.00 Ry     beta= 0.70
     Davidson diagonalization with overlap
     ethr =  3.18E-07,  avg # of iterations =  4.0

     total cpu time spent up to now is       16.4 secs

     total energy              =     -34.30494496 Ry
     estimated scf accuracy    <       0.00000884 Ry

     iteration # 18     ecut=    30.00 Ry     beta= 0.70
     Davidson diagonalization with overlap
     ethr =  8.84E-08,  avg # of iterations =  5.0

     total cpu time spent up to now is       17.2 secs

     total energy              =     -34.30494649 Ry
     estimated scf accuracy    <       0.00005239 Ry

     iteration # 19     ecut=    30.00 Ry     beta= 0.70
     Davidson diagonalization with overlap
     ethr =  8.84E-08,  avg # of iterations =  3.0

     total cpu time spent up to now is       18.0 secs

     total energy              =     -34.30494704 Ry
     estimated scf accuracy    <       0.00000283 Ry

     iteration # 20     ecut=    30.00 Ry     beta= 0.70
     Davidson diagonalization with overlap
     ethr =  2.83E-08,  avg # of iterations =  3.0

     total cpu time spent up to now is       18.8 secs

     total energy              =     -34.30494761 Ry
     estimated scf accuracy    <       0.00000125 Ry

     iteration # 21     ecut=    30.00 Ry     beta= 0.70
     Davidson diagonalization with overlap
     ethr =  1.25E-08,  avg # of iterations =  1.0

     total cpu time spent up to now is       19.5 secs

     End of self-consistent calculation

          k = 0.0000 0.0000 0.0000 (  5682 PWs)   bands (ev):

   -21.3151  -9.6134  -5.4765  -5.4765  -5.0363

     highest occupied level (ev):    -5.0363

!    total energy              =     -34.30494915 Ry
     estimated scf accuracy    <       0.00000070 Ry

     convergence has been achieved in  21 iterations

     EXX grid:    45524 G-vectors     FFT dimensions: (  60,  60,  60)

     EXX: now go back to refine exchange calculation

     total cpu time spent up to now is       20.2 secs

     per-process dynamical memory:    15.6 Mb

     Self-consistent Calculation

     iteration #  1     ecut=    30.00 Ry     beta= 0.70
     Davidson diagonalization with overlap
     ethr =  1.25E-08,  avg # of iterations =  8.0

     total cpu time spent up to now is       21.7 secs

     total energy              =     -36.44369694 Ry
     estimated scf accuracy    <       0.05804844 Ry

     iteration #  2     ecut=    30.00 Ry     beta= 0.70
     Davidson diagonalization with overlap
     ethr =  5.80E-04,  avg # of iterations =  2.0

     total cpu time spent up to now is       22.7 secs

     total energy              =     -36.45169563 Ry
     estimated scf accuracy    <       0.00444858 Ry

     iteration #  3     ecut=    30.00 Ry     beta= 0.70
     Davidson diagonalization with overlap
     ethr =  4.45E-05,  avg # of iterations =  1.0

     total cpu time spent up to now is       23.6 secs

     total energy              =     -36.45194910 Ry
     estimated scf accuracy    <       0.00008588 Ry

     iteration #  4     ecut=    30.00 Ry     beta= 0.70
     Davidson diagonalization with overlap
     ethr =  8.59E-07,  avg # of iterations =  2.0

     total cpu time spent up to now is       24.6 secs

     total energy              =     -36.45195789 Ry
     estimated scf accuracy    <       0.00000463 Ry

     iteration #  5     ecut=    30.00 Ry     beta= 0.70
     Davidson diagonalization with overlap
     ethr =  4.63E-08,  avg # of iterations =  1.0

     total cpu time spent up to now is       25.5 secs

     End of self-consistent calculation

          k = 0.0000 0.0000 0.0000 (  5682 PWs)   bands (ev):

   -27.1964 -14.4846  -9.4454  -9.3476  -9.3476

     highest occupied level (ev):    -9.3476

!    total energy              =     -36.45195791 Ry
     estimated scf accuracy    <       0.00000067 Ry

     convergence has been achieved in   5 iterations

     total energy              =     -36.45432443 Ry
     Harris-Foulkes estimate   =     -36.45432450 Ry
     est. exchange err (dexx)  =       0.00236652 Ry
     - averaged Fock potential =       4.29001750 Ry
     + Fock energy (full)      =      -2.16793681 Ry

     EXX: now go back to refine exchange calculation

     total cpu time spent up to now is       25.6 secs

     per-process dynamical memory:    15.6 Mb

     Self-consistent Calculation

     iteration #  1     ecut=    30.00 Ry     beta= 0.70
     Davidson diagonalization with overlap
     ethr =  4.63E-08,  avg # of iterations =  5.0

     total cpu time spent up to now is       26.8 secs

     total energy              =     -36.45452110 Ry
     estimated scf accuracy    <       0.00060675 Ry

     iteration #  2     ecut=    30.00 Ry     beta= 0.70
     Davidson diagonalization with overlap
     ethr =  6.07E-06,  avg # of iterations =  2.0

     total cpu time spent up to now is       27.8 secs

     total energy              =     -36.45460188 Ry
     estimated scf accuracy    <       0.00004409 Ry

     iteration #  3     ecut=    30.00 Ry     beta= 0.70
     Davidson diagonalization with overlap
     ethr =  4.41E-07,  avg # of iterations =  1.0

     total cpu time spent up to now is       28.7 secs

     End of self-consistent calculation

          k = 0.0000 0.0000 0.0000 (  5682 PWs)   bands (ev):

   -27.0887 -14.4232  -9.4216  -9.2881  -9.2881

     highest occupied level (ev):    -9.2881

!    total energy              =     -36.45460447 Ry
     estimated scf accuracy    <       0.00000085 Ry

     convergence has been achieved in   3 iterations

     total energy              =     -36.45464011 Ry
     Harris-Foulkes estimate   =     -36.45464022 Ry
     est. exchange err (dexx)  =       0.00003564 Ry
     - averaged Fock potential =       4.34024795 Ry
     + Fock energy (full)      =      -2.17234677 Ry

     EXX: now go back to refine exchange calculation

     total cpu time spent up to now is       28.8 secs

     per-process dynamical memory:    15.6 Mb

     Self-consistent Calculation

     iteration #  1     ecut=    30.00 Ry     beta= 0.70
     Davidson diagonalization with overlap
     ethr =  4.41E-07,  avg # of iterations =  2.0

     total cpu time spent up to now is       29.8 secs

     total energy              =     -36.45464397 Ry
     estimated scf accuracy    <       0.00000986 Ry

     iteration #  2     ecut=    30.00 Ry     beta= 0.70
     Davidson diagonalization with overlap
     ethr =  9.86E-08,  avg # of iterations =  2.0

     total cpu time spent up to now is       30.7 secs

     End of self-consistent calculation

          k = 0.0000 0.0000 0.0000 (  5682 PWs)   bands (ev):

   -27.0725 -14.4143  -9.4160  -9.2774  -9.2774

     highest occupied level (ev):    -9.2774

!    total energy              =     -36.45464507 Ry
     estimated scf accuracy    <       0.00000050 Ry

     convergence has been achieved in   2 iterations

!!   total energy              =     -36.45464567 Ry
     Harris-Foulkes estimate   =     -36.45464585 Ry
     est. exchange err (dexx)  =       0.00000061 Ry
     - averaged Fock potential =       4.34520032 Ry
     + Fock energy (full)      =      -2.17285415 Ry

     EXX self-consistency reached

     Writing all to output data dir ./pwscf.save/ :
     XML data file
     init_run     :      1.50s CPU      1.63s WALL (       1 calls)
     electrons    :     26.07s CPU     28.16s WALL (       4 calls)

     Called by init_run:
     aceinit0     :      0.00s CPU      0.00s WALL (       1 calls)
     wfcinit      :      0.05s CPU      0.06s WALL (       1 calls)
     potinit      :      1.41s CPU      1.50s WALL (       1 calls)
     hinit0       :      0.03s CPU      0.06s WALL (       1 calls)

     Called by electrons:
     c_bands      :      7.47s CPU      7.68s WALL (      31 calls)
     sum_band     :      0.86s CPU      0.86s WALL (      31 calls)
     v_of_rho     :     19.07s CPU     21.06s WALL (      33 calls)
     mix_rho      :      0.50s CPU      0.54s WALL (      31 calls)

     Called by c_bands:
     init_us_2    :      0.02s CPU      0.02s WALL (      70 calls)
     regterg      :      7.46s CPU      7.66s WALL (      31 calls)

     Called by *egterg:
     rdiaghg      :      0.01s CPU      0.01s WALL (     179 calls)
     h_psi        :      7.37s CPU      7.58s WALL (     183 calls)
     g_psi        :      0.01s CPU      0.01s WALL (     151 calls)

     Called by h_psi:
     h_psi:calbec :      0.03s CPU      0.03s WALL (     183 calls)
     vloc_psi     :      1.35s CPU      1.37s WALL (     183 calls)
                                        0.00s GPU  (     183 calls)
     add_vuspsi   :      0.00s CPU      0.00s WALL (     183 calls)
     h_psi_meta   :      3.69s CPU      3.70s WALL (     183 calls)

     General routines
     calbec       :      0.03s CPU      0.03s WALL (     190 calls)
     fft          :      2.64s CPU      2.70s WALL (    1967 calls)
     ffts         :      0.08s CPU      0.08s WALL (      62 calls)
     fftw         :      4.49s CPU      4.51s WALL (    3540 calls)
     fftc         :      1.16s CPU      1.17s WALL (    1065 calls)
     fftcw        :      0.41s CPU      0.42s WALL (     288 calls)
     interpolate  :      0.01s CPU      0.01s WALL (      33 calls)
 
     Parallel routines

     EXX routines
     exx_grid     :      0.00s CPU      0.00s WALL (       1 calls)
     exxinit      :      0.14s CPU      0.14s WALL (       4 calls)
     vexx         :      2.29s CPU      2.46s WALL (      36 calls)
     exxenergy    :      0.27s CPU      0.27s WALL (       7 calls)
 
     PWSCF        :     28.55s CPU     30.86s WALL

 
   This run was terminated on:  23:34:39  11Jan2025            

=------------------------------------------------------------------------------=
   JOB DONE.
=------------------------------------------------------------------------------=
