
     Program PWSCF v.7.4 starts on 10Jan2025 at 13:35: 9 

     This program is part of the open-source Quantum ESPRESSO suite
     for quantum simulation of materials; please cite
         "P. Giannozzi et al., J. Phys.:Condens. Matter 21 395502 (2009);
         "P. Giannozzi et al., J. Phys.:Condens. Matter 29 465901 (2017);
         "P. Giannozzi et al., J. Chem. Phys. 152 154105 (2020);
          URL http://www.quantum-espresso.org", 
     in publications or presentations arising from this work. More details at
     http://www.quantum-espresso.org/quote

     Parallel version (MPI & OpenMP), running on       1 processor cores
     Number of MPI processes:                 1
     Threads/MPI process:                     1

     MPI processes distributed on     1 nodes
     233924 MiB available memory on the printing compute node when the environment starts
 
     Waiting for input...
     Reading input from standard input

     Current dimensions of program PWSCF are:
     Max number of different atomic species (ntypx) = 10
     Max number of k-points (npk) =  40000
     Max angular momentum in pseudopotentials (lmaxx) =  4
     screening_parameter from libxc    0.3300000
     exx_fraction from libxc   0.1900000
     exx_fraction_lr from libxc   0.4600000

     IMPORTANT: XC functional enforced from input :
     Exchange-correlation= XC-000I-000I-433L-000I-000I-000I
                           (   0   0   0 433   0   0   0)
     EXX-fraction              =        0.19
     Any further DFT definition will be discarded
     Please, verify this is what you really want


     gamma-point specific algorithms are used
 
     Subspace diagonalization in iterative solution of the eigenvalue problem:
     a serial algorithm will be used

     EXX: q-point mesh:     1    1    1
     EXX: grid of k+q points same as grid of k-points
 
     G-vector sticks info
     --------------------
     sticks:   dense  smooth     PW     G-vecs:    dense   smooth      PW
     Sum        2449    2449    609                91047    91047   11363
 
     Using Slab Decomposition
 


     bravais-lattice index     =            1
     lattice parameter (alat)  =      16.0000  a.u.
     unit-cell volume          =    4096.0000 (a.u.)^3
     number of atoms/cell      =            2
     number of atomic types    =            1
     number of electrons       =        10.00
     number of Kohn-Sham states=            5
     kinetic-energy cutoff     =      30.0000  Ry
     charge density cutoff     =     120.0000  Ry
     cutoff for Fock operator  =     120.0000  Ry
     scf convergence threshold =      1.0E-06
     mixing beta               =       0.7000
     number of iterations used =            8  plain     mixing
     Exchange-correlation= XC-000I-000I-433L-000I-000I-000I
                           (   0   0   0 433   0   0   0)
     EXX-fraction              =        0.19

     celldm(1)=  16.000000  celldm(2)=   0.000000  celldm(3)=   0.000000
     celldm(4)=   0.000000  celldm(5)=   0.000000  celldm(6)=   0.000000

     crystal axes: (cart. coord. in units of alat)
               a(1) = (   1.000000   0.000000   0.000000 )  
               a(2) = (   0.000000   1.000000   0.000000 )  
               a(3) = (   0.000000   0.000000   1.000000 )  

     reciprocal axes: (cart. coord. in units 2 pi/alat)
               b(1) = (  1.000000  0.000000  0.000000 )  
               b(2) = (  0.000000  1.000000  0.000000 )  
               b(3) = (  0.000000  0.000000  1.000000 )  


     PseudoPot. # 1 for N  read from file:
     ./N.pbe-hgh.UPF
     MD5 check sum: 1504e9c56d21d37eacabc67df972de26
     Pseudo is Norm-conserving, Zval =  5.0
     Generated in analytical, separable form
     Using radial grid of 1085 points,  1 beta functions with: 
                l(1) =   0

     atomic species   valence    mass     pseudopotential
     N                 5.00    14.00000     N ( 1.00)

      8 Sym. Ops. (no inversion) found



   Cartesian axes

     site n.     atom                  positions (alat units)
         1        N      tau(   1) = (   0.0000000   0.0000000   0.0000000  )
         2        N      tau(   2) = (   0.1476349   0.0000000   0.0000000  )

     number of k points=     1
                       cart. coord. in units 2pi/alat
        k(    1) = (   0.0000000   0.0000000   0.0000000), wk =   2.0000000

     Dense  grid:    45524 G-vectors     FFT dimensions: (  60,  60,  60)

     Estimated max dynamical RAM per process >      54.15 MB
     exx_fraction to libxc    0.6500000
     exx_fraction_sr to libxc   -0.4600000
     screening_parameter to libxc    0.3300000

     WARNING: libxc functional with ID  433 depends
      on external parameters: check the user_guide of
      QE if you need to modify them or to check their
      default values.

     WARNING: libxc functional with ID  433 is CAM, 
     long range exx is not available yet (if needed).
     EXX: ACE will be initialized later

     Initial potential from superposition of free atoms

     starting charge      10.0000, renormalised to      10.0000

     negative rho (up, down):  1.043E-01 0.000E+00
     Starting wfcs are    8 randomized atomic wfcs

     total cpu time spent up to now is        0.3 secs

     per-process dynamical memory:    15.6 Mb

     Self-consistent Calculation

     iteration #  1     ecut=    30.00 Ry     beta= 0.70
     Davidson diagonalization with overlap
     ethr =  1.00E-02,  avg # of iterations =  2.0

     negative rho (up, down):  2.354E-02 0.000E+00

     total cpu time spent up to now is        0.5 secs

     total energy              =     -35.01956382 Ry
     estimated scf accuracy    <       0.31329315 Ry

     iteration #  2     ecut=    30.00 Ry     beta= 0.70
     Davidson diagonalization with overlap
     ethr =  3.13E-03,  avg # of iterations =  2.0

     negative rho (up, down):  9.522E-03 0.000E+00

     total cpu time spent up to now is        0.7 secs

     total energy              =     -35.10136460 Ry
     estimated scf accuracy    <       0.04678671 Ry

     iteration #  3     ecut=    30.00 Ry     beta= 0.70
     Davidson diagonalization with overlap
     ethr =  4.68E-04,  avg # of iterations =  2.0

     negative rho (up, down):  2.764E-04 0.000E+00

     total cpu time spent up to now is        0.9 secs

     total energy              =     -35.11191804 Ry
     estimated scf accuracy    <       0.00105985 Ry

     iteration #  4     ecut=    30.00 Ry     beta= 0.70
     Davidson diagonalization with overlap
     ethr =  1.06E-05,  avg # of iterations =  2.0

     negative rho (up, down):  8.155E-06 0.000E+00

     total cpu time spent up to now is        1.1 secs

     total energy              =     -35.11207870 Ry
     estimated scf accuracy    <       0.00011170 Ry

     iteration #  5     ecut=    30.00 Ry     beta= 0.70
     Davidson diagonalization with overlap
     ethr =  1.12E-06,  avg # of iterations =  2.0

     negative rho (up, down):  6.368E-08 0.000E+00

     total cpu time spent up to now is        1.3 secs

     total energy              =     -35.11210110 Ry
     estimated scf accuracy    <       0.00000171 Ry

     iteration #  6     ecut=    30.00 Ry     beta= 0.70
     Davidson diagonalization with overlap
     ethr =  1.71E-08,  avg # of iterations =  3.0

     total cpu time spent up to now is        1.5 secs

     End of self-consistent calculation

          k = 0.0000 0.0000 0.0000 (  5682 PWs)   bands (ev):

   -22.4084 -10.7471  -6.6287  -6.6287  -6.1334

     highest occupied level (ev):    -6.1334

!    total energy              =     -35.11210088 Ry
     estimated scf accuracy    <       0.00000024 Ry

     convergence has been achieved in   6 iterations

     EXX grid:    45524 G-vectors     FFT dimensions: (  60,  60,  60)

     EXX: now go back to refine exchange calculation

     total cpu time spent up to now is        1.8 secs

     per-process dynamical memory:    15.6 Mb

     Self-consistent Calculation

     iteration #  1     ecut=    30.00 Ry     beta= 0.70
     Davidson diagonalization with overlap
     ethr =  1.71E-08,  avg # of iterations =  8.0

     total cpu time spent up to now is        2.5 secs

     total energy              =     -37.07926329 Ry
     estimated scf accuracy    <       0.03353966 Ry

     iteration #  2     ecut=    30.00 Ry     beta= 0.70
     Davidson diagonalization with overlap
     ethr =  3.35E-04,  avg # of iterations =  2.0

     total cpu time spent up to now is        3.0 secs

     total energy              =     -37.08873817 Ry
     estimated scf accuracy    <       0.00212545 Ry

     iteration #  3     ecut=    30.00 Ry     beta= 0.70
     Davidson diagonalization with overlap
     ethr =  2.13E-05,  avg # of iterations =  2.0

     total cpu time spent up to now is        3.4 secs

     total energy              =     -37.08909931 Ry
     estimated scf accuracy    <       0.00001169 Ry

     iteration #  4     ecut=    30.00 Ry     beta= 0.70
     Davidson diagonalization with overlap
     ethr =  1.17E-07,  avg # of iterations =  2.0

     total cpu time spent up to now is        3.8 secs

     End of self-consistent calculation

          k = 0.0000 0.0000 0.0000 (  5682 PWs)   bands (ev):

   -27.7997 -15.0633 -10.0131  -9.9515  -9.9515

     highest occupied level (ev):    -9.9515

!    total energy              =     -37.08910072 Ry
     estimated scf accuracy    <       0.00000049 Ry

     convergence has been achieved in   4 iterations

     total energy              =     -37.09134050 Ry
     Harris-Foulkes estimate   =     -37.09134126 Ry
     est. exchange err (dexx)  =       0.00223978 Ry
     - averaged Fock potential =       3.95083456 Ry
     + Fock energy (full)      =      -2.00009718 Ry

     EXX: now go back to refine exchange calculation

     total cpu time spent up to now is        3.9 secs

     per-process dynamical memory:    15.6 Mb

     Self-consistent Calculation

     iteration #  1     ecut=    30.00 Ry     beta= 0.70
     Davidson diagonalization with overlap
     ethr =  1.17E-07,  avg # of iterations =  5.0

     total cpu time spent up to now is        4.4 secs

     total energy              =     -37.09148711 Ry
     estimated scf accuracy    <       0.00026548 Ry

     iteration #  2     ecut=    30.00 Ry     beta= 0.70
     Davidson diagonalization with overlap
     ethr =  2.65E-06,  avg # of iterations =  2.0

     total cpu time spent up to now is        4.8 secs

     total energy              =     -37.09155879 Ry
     estimated scf accuracy    <       0.00001565 Ry

     iteration #  3     ecut=    30.00 Ry     beta= 0.70
     Davidson diagonalization with overlap
     ethr =  1.56E-07,  avg # of iterations =  2.0

     total cpu time spent up to now is        5.3 secs

     End of self-consistent calculation

          k = 0.0000 0.0000 0.0000 (  5682 PWs)   bands (ev):

   -27.7114 -15.0201  -9.9929  -9.8959  -9.8959

     highest occupied level (ev):    -9.8959

!    total energy              =     -37.09156155 Ry
     estimated scf accuracy    <       0.00000009 Ry

     convergence has been achieved in   3 iterations

     total energy              =     -37.09158590 Ry
     Harris-Foulkes estimate   =     -37.09158590 Ry
     est. exchange err (dexx)  =       0.00002435 Ry
     - averaged Fock potential =       4.00437532 Ry
     + Fock energy (full)      =      -2.00430249 Ry

     EXX: now go back to refine exchange calculation

     total cpu time spent up to now is        5.4 secs

     per-process dynamical memory:    15.6 Mb

     Self-consistent Calculation

     iteration #  1     ecut=    30.00 Ry     beta= 0.70
     Davidson diagonalization with overlap
     ethr =  1.56E-07,  avg # of iterations =  2.0

     total cpu time spent up to now is        5.8 secs

     total energy              =     -37.09158810 Ry
     estimated scf accuracy    <       0.00000294 Ry

     iteration #  2     ecut=    30.00 Ry     beta= 0.70
     Davidson diagonalization with overlap
     ethr =  2.94E-08,  avg # of iterations =  2.0

     total cpu time spent up to now is        6.2 secs

     End of self-consistent calculation

          k = 0.0000 0.0000 0.0000 (  5682 PWs)   bands (ev):

   -27.6986 -15.0147  -9.9893  -9.8872  -9.8872

     highest occupied level (ev):    -9.8872

!    total energy              =     -37.09158876 Ry
     estimated scf accuracy    <       0.00000013 Ry

     convergence has been achieved in   2 iterations

!!   total energy              =     -37.09158908 Ry
     Harris-Foulkes estimate   =     -37.09158919 Ry
     est. exchange err (dexx)  =       0.00000032 Ry
     - averaged Fock potential =       4.00900662 Ry
     + Fock energy (full)      =      -2.00470444 Ry

     EXX self-consistency reached
     Message from routine punch:
     Nothing written, as per user request (disk_io='none')
 
     init_run     :      0.22s CPU      0.28s WALL (       1 calls)
     electrons    :      5.23s CPU      5.40s WALL (       4 calls)

     Called by init_run:
     aceinit0     :      0.00s CPU      0.00s WALL (       1 calls)
     wfcinit      :      0.02s CPU      0.02s WALL (       1 calls)
     potinit      :      0.16s CPU      0.19s WALL (       1 calls)
     hinit0       :      0.03s CPU      0.06s WALL (       1 calls)

     Called by electrons:
     c_bands      :      2.83s CPU      2.94s WALL (      15 calls)
     sum_band     :      0.15s CPU      0.15s WALL (      15 calls)
     v_of_rho     :      2.45s CPU      2.54s WALL (      17 calls)
     mix_rho      :      0.05s CPU      0.07s WALL (      15 calls)

     Called by c_bands:
     init_us_2    :      0.01s CPU      0.01s WALL (      38 calls)
     regterg      :      2.82s CPU      2.93s WALL (      15 calls)

     Called by *egterg:
     rdiaghg      :      0.00s CPU      0.00s WALL (      52 calls)
     h_psi        :      2.78s CPU      2.89s WALL (      56 calls)
     g_psi        :      0.00s CPU      0.00s WALL (      40 calls)

     Called by h_psi:
     h_psi:calbec :      0.01s CPU      0.01s WALL (      56 calls)
     vloc_psi     :      0.53s CPU      0.54s WALL (      56 calls)
                                        0.00s GPU  (      56 calls)
     add_vuspsi   :      0.00s CPU      0.00s WALL (      56 calls)

     General routines
     calbec       :      0.01s CPU      0.01s WALL (      63 calls)
     fft          :      0.14s CPU      0.17s WALL (     130 calls)
     ffts         :      0.02s CPU      0.02s WALL (      15 calls)
     fftw         :      0.45s CPU      0.46s WALL (     345 calls)
     fftc         :      1.15s CPU      1.15s WALL (    1053 calls)
     fftcw        :      0.41s CPU      0.41s WALL (     285 calls)
 
     Parallel routines

     EXX routines
     exx_grid     :      0.00s CPU      0.00s WALL (       1 calls)
     exxinit      :      0.14s CPU      0.14s WALL (       4 calls)
     vexx         :      2.24s CPU      2.33s WALL (      36 calls)
     exxenergy    :      0.27s CPU      0.27s WALL (       7 calls)
 
     PWSCF        :      6.02s CPU      6.27s WALL

 
   This run was terminated on:  13:35:16  10Jan2025            

=------------------------------------------------------------------------------=
   JOB DONE.
=------------------------------------------------------------------------------=
